Experiment 2: mlp/mnist, 7 layers, gain 1.5, eval every 10 steps -> results/exp2/mlp_mnist_l7_g1.5_*.json
Learning rates: sgd=0.1, adamw=0.001, lars=1, lngd=0.1 | steps: 5000
=== Phase 1: baselines + GHD-Rules ===
Running 3 run(s) x 5000 steps with 3 worker(s)...
[done] SGD + GHD-Vanish-Only  seed 7    lr 0.1    70%@280  80%@330  90%@520  test 96.76%  (31s)
[done] SGD + GHD-Vanish-Only  seed 42   lr 0.1    70%@250  80%@280  90%@470  test 97.40%  (31s)
[done] SGD + GHD-Vanish-Only  seed 123  lr 0.1    70%@260  80%@290  90%@450  test 96.97%  (31s)

Optimizer              Steps→70%  Steps→80%  Steps→90%  AUC             Final Acc (%)   Interventions
-----------------------------------------------------------------------------------------------------
SGD                    407 ± 17   473 ± 9    637 ± 42   89.27 ± 0.21    96.69 ± 0.41    0 ± 0        
SGD + GHD-Vanish-Only  263 ± 12   300 ± 22   480 ± 29   91.98 ± 0.33    96.95 ± 0.27    197 ± 12     
SGD + GHD-Rules        260 ± 16   313 ± 40   487 ± 17   92.00 ± 0.30    97.02 ± 0.21    1151 ± 148   
SGD + GHD-AI           260 ± 16   300 ± 22   487 ± 17   91.93 ± 0.29    96.81 ± 0.66    1128 ± 109   
AdamW                  *100 ± 0*  *117 ± 9*  *230 ± 0*  *94.85 ± 0.15*  *97.47 ± 0.29*  0 ± 0        
AdamW + GHD-Rules      100 ± 0    117 ± 9    230 ± 0    94.85 ± 0.15    97.47 ± 0.29    0 ± 0        
AdamW + GHD-AI         100 ± 0    117 ± 9    230 ± 0    94.85 ± 0.15    97.47 ± 0.29    0 ± 0        
LARS                   193 ± 19   243 ± 21   433 ± 17   92.52 ± 0.27    96.72 ± 0.33    0 ± 0        
LARS + GHD-AI          193 ± 19   243 ± 21   433 ± 17   92.52 ± 0.27    96.72 ± 0.33    0 ± 0        
* = best in column. Steps are mean ± std over seeds that reached the threshold; (k/n) = seeds that reached it.
LNGD excluded from Exp 2 — lr requires separate sweep (see Exp 1b for LNGD results).

Summary written to results/exp2/mlp_mnist_l7_g1.5_summary.csv
